// Jest Snapshot v1, https://goo.gl/fbAQLP

exports[`basic UnitPicker renders and snapshot 1`] = `
<div
  className=" css-2b097c-container"
  onKeyDown={[Function]}
>
  <div
    className="MuiFormControl-root MuiTextField-root"
  >
    <div
      className="MuiInputBase-root MuiInput-root MuiInputBase-formControl MuiInput-formControl"
      onClick={[Function]}
    >
      <div
        aria-invalid={false}
        className="MuiInputBase-input MuiInput-input UnitPicker-input-2"
        disabled={false}
        onBlur={[Function]}
        onChange={[Function]}
        onFocus={[Function]}
        onMouseDown={[Function]}
        onTouchEnd={[Function]}
        required={false}
        type="text"
      >
        <div
          className="UnitPicker-valueContainer-3"
        >
          <p
            className="MuiTypography-root MuiTypography-body1 MuiTypography-colorTextSecondary UnitPicker-placeholder-6"
          >
            pick units
          </p>
          <div
            className="css-1g6gooi"
          >
            <div
              className=""
              style={
                Object {
                  "display": "inline-block",
                }
              }
            >
              <input
                aria-autocomplete="list"
                autoCapitalize="none"
                autoComplete="off"
                autoCorrect="off"
                disabled={false}
                id="react-select-2-input"
                onBlur={[Function]}
                onChange={[Function]}
                onFocus={[Function]}
                spellCheck="false"
                style={
                  Object {
                    "background": 0,
                    "border": 0,
                    "boxSizing": "content-box",
                    "color": "inherit",
                    "fontSize": "inherit",
                    "label": "input",
                    "opacity": 1,
                    "outline": 0,
                    "padding": 0,
                    "width": "1px",
                  }
                }
                tabIndex="0"
                type="text"
                value=""
              />
              <div
                style={
                  Object {
                    "height": 0,
                    "left": 0,
                    "overflow": "scroll",
                    "position": "absolute",
                    "top": 0,
                    "visibility": "hidden",
                    "whiteSpace": "pre",
                  }
                }
              >
                
              </div>
            </div>
          </div>
        </div>
      </div>
    </div>
  </div>
</div>
`;
